Contribution on Tue Sep 15 10:34:46 UTC 2026
Contribution on Wed Sep 16 10:23:09 UTC 2026
Contribution on Thu Sep 17 10:32:45 UTC 2026
Contribution on Fri Sep 18 10:09:03 UTC 2026
Contribution on Sat Sep 19 09:50:02 UTC 2026
Contribution on Sun Sep 20 05:18:15 UTC 2026
Contribution on Mon Sep 21 05:20:24 UTC 2026
Contribution on Tue Sep 22 05:17:57 UTC 2026
Contribution on Wed Sep 23 05:04:31 UTC 2026
Contribution on Thu Sep 24 05:14:50 UTC 2026
Contribution on Fri Sep 25 05:16:33 UTC 2026
Contribution on Sat Sep 26 05:21:28 UTC 2026
Contribution on Sun Sep 27 05:37:27 UTC 2026
Contribution on Mon Sep 28 05:45:29 UTC 2026
Contribution on Tue Sep 29 06:03:49 UTC 2026
Contribution on Wed Sep 30 05:52:36 UTC 2026
Contribution on Thu Oct  1 06:26:16 UTC 2026
Contribution on Fri Oct  2 06:04:25 UTC 2026
Contribution on Sat Oct  3 05:38:51 UTC 2026
Contribution on Sun Oct  4 06:13:57 UTC 2026
Contribution on Mon Oct  5 06:06:43 UTC 2026
Contribution on Tue Oct  6 06:47:01 UTC 2026
Contribution on Wed Oct  7 06:21:40 UTC 2026
Contribution on Thu Oct  8 06:33:04 UTC 2026
Contribution on Fri Oct  9 06:34:24 UTC 2026
